#-----------------------------------------------------------
# Vivado v2025.1 (64-bit)
# SW Build 6140274 on Wed May 21 22:58:25 MDT 2025
# IP Build 6138677 on Thu May 22 03:10:11 MDT 2025
# SharedData Build 6139179 on Tue May 20 17:58:58 MDT 2025
# Start of session at: Thu Nov 27 00:21:04 2025
# Process ID         : 8631
# Current directory  : /nfs/home/l/lu_graha/Modelsim/Code/vhdl-src/lab4/cpu/cpu.runs/synth_1
# Command line       : vivado -log cpu.vds -product Vivado -mode batch -messageDb vivado.pb -notrace -source cpu.tcl
# Log file           : /nfs/home/l/lu_graha/Modelsim/Code/vhdl-src/lab4/cpu/cpu.runs/synth_1/cpu.vds
# Journal file       : /nfs/home/l/lu_graha/Modelsim/Code/vhdl-src/lab4/cpu/cpu.runs/synth_1/vivado.jou
# Running On         : gabor.encs.concordia.ca
# Platform           : AlmaLinux
# Operating System   : AlmaLinux release 9.6 (Sage Margay)
# Processor Detail   : 11th Gen Intel(R) Core(TM) i7-11700 @ 2.50GHz
# CPU Frequency      : 2804.487 MHz
# CPU Physical cores : 8
# CPU Logical cores  : 16
# Host memory        : 16397 MB
# Swap memory        : 10485 MB
# Total Virtual      : 26883 MB
# Available Virtual  : 23922 MB
#-----------------------------------------------------------
source cpu.tcl -notrace
